// Jest Snapshot v1, https://goo.gl/fbAQLP

exports[`RepoList snapshot test 1`] = `null`;
