// Jest Snapshot v1, https://goo.gl/fbAQLP

exports[`Info snapshot test 1`] = `null`;
