// Jest Snapshot v1, https://goo.gl/fbAQLP

exports[`RepoInfo snapshot test 1`] = `null`;
